
> biblioteca@0.1.0 build
> next build

  Ôû▓ Next.js 14.2.35
  - Environments: .env

   Creating an optimized production build ...
 Ô£ô Compiled successfully
   Linting and checking validity of types ...
node.exe : 
En línea: 1 Carácter: 1
+ & "C:\Program Files\nodejs/node.exe" "C:\Users\Usuario\AppData\Roamin ...
+ ~~~~~~~~~~~~~~~~~~~~~~~~~~~~~~~~~~~~~~~~~~~~~~~~~~~~~~~~~~~~~~~~~~~~~
    + CategoryInfo          : NotSpecified: (:String) [], RemoteException
    + FullyQualifiedErrorId : NativeCommandError
 
Failed to compile.

./app/admin/books/new/page.tsx
8:25  Error: 'BookOpen' is defined but never used.  
@typescript-eslint/no-unused-vars
9:3  Error: 'Calendar' is defined but never used.  
@typescript-eslint/no-unused-vars
10:3  Error: 'Library' is defined but never used.  
@typescript-eslint/no-unused-vars
10:12  Error: 'BookMarked' is defined but never used.  
@typescript-eslint/no-unused-vars
32:9  Error: 'router' is assigned a value but never used.  
@typescript-eslint/no-unused-vars
84:36  Error: Unexpected any. Specify a different type.  
@typescript-eslint/no-explicit-any

./app/admin/books/page.tsx
3:8  Error: 'Barcode' is defined but never used.  
@typescript-eslint/no-unused-vars
6:17  Error: 'BookOpen' is defined but never used.  
@typescript-eslint/no-unused-vars
131:23  Warning: Using `<img>` could result in slower LCP and higher 
bandwidth. Consider using `<Image />` from `next/image` to automatically 
optimize images. This may incur additional usage or cost from your provider. 
See: https://nextjs.org/docs/messages/no-img-element  @next/next/no-img-element

./app/admin/books/[id]/edit/page.tsx
10:29  Error: 'Copy' is defined but never used.  
@typescript-eslint/no-unused-vars
33:6  Warning: React Hook useEffect has a missing dependency: 'fetchBook'. 
Either include it or remove the dependency array.  react-hooks/exhaustive-deps
48:14  Error: 'error' is defined but never used.  
@typescript-eslint/no-unused-vars
77:21  Error: Unexpected any. Specify a different type.  
@typescript-eslint/no-explicit-any

./app/admin/books/[id]/page.tsx
8:16  Error: 'BookOpen' is defined but never used.  
@typescript-eslint/no-unused-vars
8:26  Error: 'User' is defined but never used.  
@typescript-eslint/no-unused-vars
8:32  Error: 'Hash' is defined but never used.  
@typescript-eslint/no-unused-vars
9:5  Error: 'Building2' is defined but never used.  
@typescript-eslint/no-unused-vars
9:16  Error: 'Calendar' is defined but never used.  
@typescript-eslint/no-unused-vars
10:19  Error: 'CheckCircle' is defined but never used.  
@typescript-eslint/no-unused-vars
10:32  Error: 'XCircle' is defined but never used.  
@typescript-eslint/no-unused-vars
11:14  Error: 'Printer' is defined but never used.  
@typescript-eslint/no-unused-vars
44:8  Warning: React Hook useEffect has a missing dependency: 'fetchBook'. 
Either include it or remove the dependency array.  react-hooks/exhaustive-deps
52:18  Error: 'error' is defined but never used.  
@typescript-eslint/no-unused-vars
67:18  Error: 'error' is defined but never used.  
@typescript-eslint/no-unused-vars

./app/admin/loans/LoansClient.tsx
7:25  Error: 'BookOpen' is defined but never used.  
@typescript-eslint/no-unused-vars
9:15  Error: 'Users' is defined but never used.  
@typescript-eslint/no-unused-vars
94:14  Error: 'error' is defined but never used.  
@typescript-eslint/no-unused-vars
231:27  Warning: Using `<img>` could result in slower LCP and higher 
bandwidth. Consider using `<Image />` from `next/image` to automatically 
optimize images. This may incur additional usage or cost from your provider. 
See: https://nextjs.org/docs/messages/no-img-element  @next/next/no-img-element

./app/admin/loans/new/page.tsx
56:6  Warning: React Hook useEffect has a missing dependency: 'searchUsers'. 
Either include it or remove the dependency array.  react-hooks/exhaustive-deps
64:6  Warning: React Hook useEffect has a missing dependency: 'searchCopies'. 
Either include it or remove the dependency array.  react-hooks/exhaustive-deps
123:21  Error: Unexpected any. Specify a different type.  
@typescript-eslint/no-explicit-any

./app/admin/loans/page.tsx
76:6  Warning: React Hook useEffect has a missing dependency: 'searchUsers'. 
Either include it or remove the dependency array.  react-hooks/exhaustive-deps
98:6  Warning: React Hook useEffect has a missing dependency: 'searchCopies'. 
Either include it or remove the dependency array.  react-hooks/exhaustive-deps
170:21  Error: Unexpected any. Specify a different type.  
@typescript-eslint/no-explicit-any

./app/admin/loans/[id]/return/page.tsx
8:14  Error: 'Save' is defined but never used.  
@typescript-eslint/no-unused-vars
10:12  Error: 'Clock' is defined but never used.  
@typescript-eslint/no-unused-vars
51:6  Warning: React Hook useEffect has a missing dependency: 'fetchLoan'. 
Either include it or remove the dependency array.  react-hooks/exhaustive-deps
59:14  Error: 'error' is defined but never used.  
@typescript-eslint/no-unused-vars
92:21  Error: Unexpected any. Specify a different type.  
@typescript-eslint/no-explicit-any

./app/admin/reservations/new/page.tsx
8:39  Error: 'Calendar' is defined but never used.  
@typescript-eslint/no-unused-vars
70:6  Warning: React Hook useEffect has a missing dependency: 'searchUsers'. 
Either include it or remove the dependency array.  react-hooks/exhaustive-deps
92:6  Warning: React Hook useEffect has a missing dependency: 'searchBooks'. 
Either include it or remove the dependency array.  react-hooks/exhaustive-deps
175:21  Error: Unexpected any. Specify a different type.  
@typescript-eslint/no-explicit-any

./app/admin/reservations/page.tsx
8:17  Error: 'Filter' is defined but never used.  
@typescript-eslint/no-unused-vars
9:32  Error: 'AlertCircle' is defined but never used.  
@typescript-eslint/no-unused-vars
10:15  Error: 'Users' is defined but never used.  
@typescript-eslint/no-unused-vars
11:3  Error: 'Edit' is defined but never used.  
@typescript-eslint/no-unused-vars
33:9  Error: 'router' is assigned a value but never used.  
@typescript-eslint/no-unused-vars
57:48  Error: Unexpected any. Specify a different type.  
@typescript-eslint/no-explicit-any
58:50  Error: Unexpected any. Specify a different type.  
@typescript-eslint/no-explicit-any
59:50  Error: Unexpected any. Specify a different type.  
@typescript-eslint/no-explicit-any
288:49  Error: 'bgColor' is assigned a value but never used.  
@typescript-eslint/no-unused-vars
288:58  Error: 'borderColor' is assigned a value but never used.  
@typescript-eslint/no-unused-vars

./app/admin/users/new/page.tsx
33:10  Error: 'photoPreview' is assigned a value but never used.  
@typescript-eslint/no-unused-vars

./app/admin/users/page.tsx
7:19  Error: 'Trash2' is defined but never used.  
@typescript-eslint/no-unused-vars
8:28  Error: 'Download' is defined but never used.  
@typescript-eslint/no-unused-vars
15:6  Error: 'UserWithCounts' is defined but never used.  
@typescript-eslint/no-unused-vars

./app/admin/users/[id]/edit/page.tsx
71:16  Error: 'error' is defined but never used.  
@typescript-eslint/no-unused-vars
167:14  Error: 'error' is defined but never used.  
@typescript-eslint/no-unused-vars

./app/admin/users/[id]/page.tsx
5:33  Error: 'Shield' is defined but never used.  
@typescript-eslint/no-unused-vars
7:10  Error: 'UserCheck' is defined but never used.  
@typescript-eslint/no-unused-vars
7:33  Error: 'TrendingUp' is defined but never used.  
@typescript-eslint/no-unused-vars
48:6  Error: 'UserWithRelations' is defined but never used.  
@typescript-eslint/no-unused-vars
59:18  Error: Unexpected any. Specify a different type.  
@typescript-eslint/no-explicit-any
118:9  Error: 'returnedLoans' is assigned a value but never used.  
@typescript-eslint/no-unused-vars
297:33  Warning: Using `<img>` could result in slower LCP and higher 
bandwidth. Consider using `<Image />` from `next/image` to automatically 
optimize images. This may incur additional usage or cost from your provider. 
See: https://nextjs.org/docs/messages/no-img-element  @next/next/no-img-element
363:31  Warning: Using `<img>` could result in slower LCP and higher 
bandwidth. Consider using `<Image />` from `next/image` to automatically 
optimize images. This may incur additional usage or cost from your provider. 
See: https://nextjs.org/docs/messages/no-img-element  @next/next/no-img-element

./app/api/auth/register/route.ts
98:23  Error: '_' is assigned a value but never used.  
@typescript-eslint/no-unused-vars

./app/api/auth/[...nextauth]/route.ts
49:52  Error: Unexpected any. Specify a different type.  
@typescript-eslint/no-explicit-any

./app/api/books/[id]/add-copies/AddCopiesForm.tsx
24:54  Error: Unexpected any. Specify a different type.  
@typescript-eslint/no-explicit-any
54:14  Error: 'error' is defined but never used.  
@typescript-eslint/no-unused-vars

./app/api/copies/route.ts
21:9  Error: 'where' is never reassigned. Use 'const' instead.  prefer-const
21:16  Error: Unexpected any. Specify a different type.  
@typescript-eslint/no-explicit-any

./app/api/loans/route.ts
22:18  Error: Unexpected any. Specify a different type.  
@typescript-eslint/no-explicit-any

./app/api/loans/upload/route.ts
53:14  Error: 'error' is defined but never used.  
@typescript-eslint/no-unused-vars

./app/api/reservations/route.ts
22:18  Error: Unexpected any. Specify a different type.  
@typescript-eslint/no-explicit-any

./app/api/upload/route.ts
19:6  Error: 'UserWithPhoto' is defined but never used.  
@typescript-eslint/no-unused-vars
174:11  Error: Use "@ts-expect-error" instead of "@ts-ignore", as "@ts-ignore" 
will do nothing if the following line is error-free.  
@typescript-eslint/ban-ts-comment
237:21  Error: Unexpected any. Specify a different type.  
@typescript-eslint/no-explicit-any
327:7  Error: Use "@ts-expect-error" instead of "@ts-ignore", as "@ts-ignore" 
will do nothing if the following line is error-free.  
@typescript-eslint/ban-ts-comment
329:9  Error: Use "@ts-expect-error" instead of "@ts-ignore", as "@ts-ignore" 
will do nothing if the following line is error-free.  
@typescript-eslint/ban-ts-comment

./app/api/users/route.ts
27:16  Error: Unexpected any. Specify a different type.  
@typescript-eslint/no-explicit-any
172:23  Error: '_' is assigned a value but never used.  
@typescript-eslint/no-unused-vars
224:17  Error: Unexpected any. Specify a different type.  
@typescript-eslint/no-explicit-any
251:23  Error: '_' is assigned a value but never used.  
@typescript-eslint/no-unused-vars

./app/api/users/[id]/route.ts
194:17  Error: Unexpected any. Specify a different type.  
@typescript-eslint/no-explicit-any
222:23  Error: '_' is assigned a value but never used.  
@typescript-eslint/no-unused-vars

./app/cliente/catalogo/page.tsx
250:38  Error: `"` can be escaped with `&quot;`, `&ldquo;`, `&#34;`, 
`&rdquo;`.  react/no-unescaped-entities
250:59  Error: `"` can be escaped with `&quot;`, `&ldquo;`, `&#34;`, 
`&rdquo;`.  react/no-unescaped-entities
250:63  Error: `"` can be escaped with `&quot;`, `&ldquo;`, `&#34;`, 
`&rdquo;`.  react/no-unescaped-entities
250:86  Error: `"` can be escaped with `&quot;`, `&ldquo;`, `&#34;`, 
`&rdquo;`.  react/no-unescaped-entities

./app/cliente/layout.tsx
6:10  Error: 'SessionProvider' is defined but never used.  
@typescript-eslint/no-unused-vars

./app/cliente/reservas/page.tsx
68:17  Error: 'session' is assigned a value but never used.  
@typescript-eslint/no-unused-vars
85:6  Warning: React Hook useEffect has a missing dependency: 
'fetchReservations'. Either include it or remove the dependency array.  
react-hooks/exhaustive-deps

./app/dashboard/page.tsx
9:3  Error: 'Clock' is defined but never used.  
@typescript-eslint/no-unused-vars
10:3  Error: 'Calendar' is defined but never used.  
@typescript-eslint/no-unused-vars
16:3  Error: 'Bell' is defined but never used.  
@typescript-eslint/no-unused-vars
17:3  Error: 'Crown' is defined but never used.  
@typescript-eslint/no-unused-vars
18:3  Error: 'UserCheck' is defined but never used.  
@typescript-eslint/no-unused-vars
19:3  Error: 'BookMarked' is defined but never used.  
@typescript-eslint/no-unused-vars

./app/login/page.tsx
75:14  Error: 'error' is defined but never used.  
@typescript-eslint/no-unused-vars

./app/page.tsx
9:3  Error: 'TrendingUp' is defined but never used.  
@typescript-eslint/no-unused-vars
9:22  Error: 'Award' is defined but never used.  
@typescript-eslint/no-unused-vars
9:29  Error: 'Shield' is defined but never used.  
@typescript-eslint/no-unused-vars
10:3  Error: 'CreditCard' is defined but never used.  
@typescript-eslint/no-unused-vars
11:3  Error: 'Menu' is defined but never used.  
@typescript-eslint/no-unused-vars
11:9  Error: 'X' is defined but never used.  @typescript-eslint/no-unused-vars
19:10  Error: 'isMenuOpen' is assigned a value but never used.  
@typescript-eslint/no-unused-vars
19:22  Error: 'setIsMenuOpen' is assigned a value but never used.  
@typescript-eslint/no-unused-vars
22:10  Error: 'hoveredBook' is assigned a value but never used.  
@typescript-eslint/no-unused-vars
33:9  Error: 'heroFeatures' is assigned a value but never used.  
@typescript-eslint/no-unused-vars
683:53  Error: `"` can be escaped with `&quot;`, `&ldquo;`, `&#34;`, 
`&rdquo;`.  react/no-unescaped-entities
683:72  Error: `"` can be escaped with `&quot;`, `&ldquo;`, `&#34;`, 
`&rdquo;`.  react/no-unescaped-entities

./components/AdminSidebar.tsx
15:5  Error: 'BookOpen' is defined but never used.  
@typescript-eslint/no-unused-vars

./components/CarnetPDF.tsx
127:17  Warning: Image elements must have an alt prop, either with meaningful 
text, or an empty string for decorative images.  jsx-a11y/alt-text

./components/cliente/layout/Sidebar.tsx
68:12  Error: 'isMobile' is assigned a value but never used.  
@typescript-eslint/no-unused-vars

./components/HeroSection.tsx
7:9  Error: 'Clock' is defined but never used.  
@typescript-eslint/no-unused-vars
7:16  Error: 'ChevronRight' is defined but never used.  
@typescript-eslint/no-unused-vars
8:3  Error: 'Library' is defined but never used.  
@typescript-eslint/no-unused-vars
8:19  Error: 'UserPlus' is defined but never used.  
@typescript-eslint/no-unused-vars

./components/Notifications.tsx
4:16  Error: 'X' is defined but never used.  @typescript-eslint/no-unused-vars

./components/PrintCarnetButton.tsx
31:11  Error: 'BarcodeElement' is assigned a value but never used.  
@typescript-eslint/no-unused-vars

./components/ReserveButton.tsx
15:17  Error: 'session' is assigned a value but never used.  
@typescript-eslint/no-unused-vars

info  - Need to disable some ESLint rules? Learn more here: 
https://nextjs.org/docs/basic-features/eslint#disabling-rules
